// Jest Snapshot v1, https://goo.gl/fbAQLP

exports[`<Banner /> renders correctly 1`] = `
<div
  className="banner"
>
  <h3
    className="banner__title"
  >
    test title
  </h3>
  <p
    className="banner__body"
  >
    test body
  </p>
</div>
`;
