// Jest Snapshot v1, https://goo.gl/fbAQLP

exports[`<MultilineInput /> renders correctly 1`] = `
<textarea
  className="multiline-input test-class-name"
  onChange={[Function]}
  onInput={[Function]}
  placeholder="test placeholder"
  value="test value"
/>
`;
